(ar-sl-2.0) ahmedk@karmeliet:/space/ahmedk/autoregressive-semantic-loss/ExprStarcraftShortestPath$ CUDA_VISIBLE_DEVICES=0 python -u main.py settings/warcraft_shortest_path/base.json
{
    "evaluate_every": 2,
    "loader_params": {
        "data_dir": "data/warcraft_shortest_path/12x12",
        "evaluate_with_extra": false,
        "normalize": true,
        "use_local_path": false,
        "use_test_set": true
    },
    "model_dir": "results/warcraft_shortest_path_baseline",
    "num_cpus": 1,
    "num_epochs": 300,
    "problem_type": "warcraft_shortest_path",
    "ray_params": {},
    "save_visualizations": false,
    "seed": 1,
    "sl_weight": 0.0,
    "trainer_name": "Baseline",
    "trainer_params": {
        "S": 0,
        "batch_size": 128,
        "lr_milestone_1": 100,
        "lr_milestone_2": 130,
        "model_params": {
            "arch_params": {},
            "model_name": "ResNet18"
        },
        "neighbourhood_fn": "8-grid",
        "num_layers": 0,
        "num_reps": 1,
        "num_units": 512,
        "optimizer_name": "Adam",
        "optimizer_params": {
            "lr": 0.0005
        },
        "preload_batch": true,
        "use_cuda": true,
        "use_lr_scheduling": false
    },
    "use_ray": true
}
[]
{'accuracy': 0.4085999238491058, 'valid paths': 0.0, 'perfect_match_accuracy': 0.0, 'below_10.0_percent_acc': 0.0, 'below_1.0_percent_acc': 0.0, 'below_0.1_percent_acc': 0.0, 'below_0.01_percent_acc': 0.0, 'below_0.001_percent_acc': 0.0, 'below_0.0001_percent_acc': 0.0, 'indiv_acc': tensor(0.9674, device='cuda:0')}
Epoch: 1        Batch time (0.045852)   Loss (0.249503)
Epoch: 2        Batch time (0.037758)   Loss (0.190629)
{'accuracy': 0.33001175165176394, 'valid paths': 0.03400000008940697, 'perfect_match_accuracy': 0.03000000014901161, 'below_10.0_percent_acc': 0.033, 'below_1.0_percent_acc': 0.031, 'below_0.1_percent_acc': 0.03, 'below_0.01_percent_acc': 0.03, 'below_0.001_percent_acc': 0.03, 'below_0.0001_percent_acc': 0.03, 'indiv_acc': tensor(1.8367, device='cuda:0')}
Epoch: 3        Batch time (0.037755)   Loss (0.157053)
Epoch: 4        Batch time (0.037849)   Loss (0.131952)
{'accuracy': 0.5268282613754273, 'valid paths': 0.050000000417232515, 'perfect_match_accuracy': 0.045000000089406966, 'below_10.0_percent_acc': 0.049, 'below_1.0_percent_acc': 0.047, 'below_0.1_percent_acc': 0.045, 'below_0.01_percent_acc': 0.045, 'below_0.001_percent_acc': 0.045, 'below_0.0001_percent_acc': 0.045, 'indiv_acc': tensor(1.8543, device='cuda:0')}
Epoch: 5        Batch time (0.037608)   Loss (0.112058)
Epoch: 6        Batch time (0.037887)   Loss (0.095467)
{'accuracy': 0.6619228615760803, 'valid paths': 0.07800000083446502, 'perfect_match_accuracy': 0.07000000011920929, 'below_10.0_percent_acc': 0.075, 'below_1.0_percent_acc': 0.074, 'below_0.1_percent_acc': 0.072, 'below_0.01_percent_acc': 0.072, 'below_0.001_percent_acc': 0.072, 'below_0.0001_percent_acc': 0.072, 'indiv_acc': tensor(1.8777, device='cuda:0')}
Epoch: 7        Batch time (0.037504)   Loss (0.079079)
Epoch: 8        Batch time (0.037785)   Loss (0.068014)
{'accuracy': 0.7478014640808105, 'valid paths': 0.11599999988079071, 'perfect_match_accuracy': 0.094, 'below_10.0_percent_acc': 0.111, 'below_1.0_percent_acc': 0.105, 'below_0.1_percent_acc': 0.102, 'below_0.01_percent_acc': 0.102, 'below_0.001_percent_acc': 0.102, 'below_0.0001_percent_acc': 0.102, 'indiv_acc': tensor(1.8924, device='cuda:0')}
Epoch: 9        Batch time (0.037771)   Loss (0.057474)
Epoch: 10       Batch time (0.037889)   Loss (0.046572)
{'accuracy': 0.8016737871170044, 'valid paths': 0.17300000023841858, 'perfect_match_accuracy': 0.14800000035762786, 'below_10.0_percent_acc': 0.167, 'below_1.0_percent_acc': 0.159, 'below_0.1_percent_acc': 0.154, 'below_0.01_percent_acc': 0.154, 'below_0.001_percent_acc': 0.154, 'below_0.0001_percent_acc': 0.154, 'indiv_acc': tensor(1.9027, device='cuda:0')}
Epoch: 11       Batch time (0.037633)   Loss (0.035034)
Epoch: 12       Batch time (0.037914)   Loss (0.032101)
{'accuracy': 0.8353310289382935, 'valid paths': 0.2450000021457672, 'perfect_match_accuracy': 0.221, 'below_10.0_percent_acc': 0.237, 'below_1.0_percent_acc': 0.231, 'below_0.1_percent_acc': 0.23, 'below_0.01_percent_acc': 0.23, 'below_0.001_percent_acc': 0.23, 'below_0.0001_percent_acc': 0.23, 'indiv_acc': tensor(1.9134, device='cuda:0')}
Epoch: 13       Batch time (0.037685)   Loss (0.025165)
Epoch: 14       Batch time (0.037923)   Loss (0.019235)
{'accuracy': 0.8325385122299195, 'valid paths': 0.31300000023841856, 'perfect_match_accuracy': 0.2790000021457672, 'below_10.0_percent_acc': 0.305, 'below_1.0_percent_acc': 0.294, 'below_0.1_percent_acc': 0.29, 'below_0.01_percent_acc': 0.29, 'below_0.001_percent_acc': 0.29, 'below_0.0001_percent_acc': 0.29, 'indiv_acc': tensor(1.9094, device='cuda:0')}
Epoch: 15       Batch time (0.037645)   Loss (0.017644)
Epoch: 16       Batch time (0.037769)   Loss (0.018587)
{'accuracy': 0.8563930678367615, 'valid paths': 0.33200000047683714, 'perfect_match_accuracy': 0.303, 'below_10.0_percent_acc': 0.325, 'below_1.0_percent_acc': 0.313, 'below_0.1_percent_acc': 0.31, 'below_0.01_percent_acc': 0.31, 'below_0.001_percent_acc': 0.31, 'below_0.0001_percent_acc': 0.31, 'indiv_acc': tensor(1.9167, device='cuda:0')}
Epoch: 17       Batch time (0.037604)   Loss (0.010449)
Epoch: 18       Batch time (0.037852)   Loss (0.006562)
{'accuracy': 0.8709153819084168, 'valid paths': 0.4080000011920929, 'perfect_match_accuracy': 0.38000000071525575, 'below_10.0_percent_acc': 0.4, 'below_1.0_percent_acc': 0.39, 'below_0.1_percent_acc': 0.386, 'below_0.01_percent_acc': 0.386, 'below_0.001_percent_acc': 0.386, 'below_0.0001_percent_acc': 0.386, 'indiv_acc': tensor(1.9221, device='cuda:0')}
Epoch: 19       Batch time (0.037860)   Loss (0.004186)
Epoch: 20       Batch time (0.037780)   Loss (0.006808)
{'accuracy': 0.855538583278656, 'valid paths': 0.37100000166893005, 'perfect_match_accuracy': 0.34200000190734864, 'below_10.0_percent_acc': 0.364, 'below_1.0_percent_acc': 0.354, 'below_0.1_percent_acc': 0.35, 'below_0.01_percent_acc': 0.35, 'below_0.001_percent_acc': 0.35, 'below_0.0001_percent_acc': 0.35, 'indiv_acc': tensor(1.9154, device='cuda:0')}
Epoch: 21       Batch time (0.037629)   Loss (0.012082)
Epoch: 22       Batch time (0.037840)   Loss (0.011291)
{'accuracy': 0.8575246157646179, 'valid paths': 0.4080000026226044, 'perfect_match_accuracy': 0.3770000014305115, 'below_10.0_percent_acc': 0.403, 'below_1.0_percent_acc': 0.387, 'below_0.1_percent_acc': 0.385, 'below_0.01_percent_acc': 0.385, 'below_0.001_percent_acc': 0.385, 'below_0.0001_percent_acc': 0.385, 'indiv_acc': tensor(1.9178, device='cuda:0')}
Epoch: 23       Batch time (0.037672)   Loss (0.009521)
Epoch: 24       Batch time (0.037803)   Loss (0.005632)
{'accuracy': 0.8636853847503662, 'valid paths': 0.41400000286102295, 'perfect_match_accuracy': 0.377, 'below_10.0_percent_acc': 0.404, 'below_1.0_percent_acc': 0.395, 'below_0.1_percent_acc': 0.388, 'below_0.01_percent_acc': 0.388, 'below_0.001_percent_acc': 0.387, 'below_0.0001_percent_acc': 0.387, 'indiv_acc': tensor(1.9180, device='cuda:0')}
Epoch: 25       Batch time (0.037602)   Loss (0.005756)
Epoch: 26       Batch time (0.037659)   Loss (0.004109)
{'accuracy': 0.8648241810798645, 'valid paths': 0.441, 'perfect_match_accuracy': 0.41400000333786013, 'below_10.0_percent_acc': 0.434, 'below_1.0_percent_acc': 0.428, 'below_0.1_percent_acc': 0.424, 'below_0.01_percent_acc': 0.424, 'below_0.001_percent_acc': 0.424, 'below_0.0001_percent_acc': 0.424, 'indiv_acc': tensor(1.9203, device='cuda:0')}
Epoch: 27       Batch time (0.037661)   Loss (0.004873)
Epoch: 28       Batch time (0.037695)   Loss (0.016293)
{'accuracy': 0.858338725566864, 'valid paths': 0.4450000014305115, 'perfect_match_accuracy': 0.40900000238418577, 'below_10.0_percent_acc': 0.438, 'below_1.0_percent_acc': 0.423, 'below_0.1_percent_acc': 0.417, 'below_0.01_percent_acc': 0.417, 'below_0.001_percent_acc': 0.417, 'below_0.0001_percent_acc': 0.417, 'indiv_acc': tensor(1.9176, device='cuda:0')}
Epoch: 29       Batch time (0.037714)   Loss (0.008209)
Epoch: 30       Batch time (0.037679)   Loss (0.006373)
{'accuracy': 0.8771486902236938, 'valid paths': 0.47900000190734865, 'perfect_match_accuracy': 0.4430000038146973, 'below_10.0_percent_acc': 0.473, 'below_1.0_percent_acc': 0.46, 'below_0.1_percent_acc': 0.455, 'below_0.01_percent_acc': 0.455, 'below_0.001_percent_acc': 0.455, 'below_0.0001_percent_acc': 0.455, 'indiv_acc': tensor(1.9236, device='cuda:0')}
Epoch: 31       Batch time (0.037640)   Loss (0.001609)
Epoch: 32       Batch time (0.037711)   Loss (0.003090)
{'accuracy': 0.8721761283874512, 'valid paths': 0.46399999904632566, 'perfect_match_accuracy': 0.4340000038146973, 'below_10.0_percent_acc': 0.455, 'below_1.0_percent_acc': 0.446, 'below_0.1_percent_acc': 0.442, 'below_0.01_percent_acc': 0.442, 'below_0.001_percent_acc': 0.442, 'below_0.0001_percent_acc': 0.442, 'indiv_acc': tensor(1.9215, device='cuda:0')}
Epoch: 33       Batch time (0.037630)   Loss (0.001171)
Epoch: 34       Batch time (0.037738)   Loss (0.001223)
{'accuracy': 0.8846358423233032, 'valid paths': 0.5110000004768371, 'perfect_match_accuracy': 0.4840000014305115, 'below_10.0_percent_acc': 0.506, 'below_1.0_percent_acc': 0.495, 'below_0.1_percent_acc': 0.49, 'below_0.01_percent_acc': 0.49, 'below_0.001_percent_acc': 0.489, 'below_0.0001_percent_acc': 0.489, 'indiv_acc': tensor(1.9258, device='cuda:0')}
Epoch: 35       Batch time (0.037690)   Loss (0.000849)
Epoch: 36       Batch time (0.037691)   Loss (0.001203)
{'accuracy': 0.8755111837387085, 'valid paths': 0.5010000019073486, 'perfect_match_accuracy': 0.46800000143051146, 'below_10.0_percent_acc': 0.492, 'below_1.0_percent_acc': 0.483, 'below_0.1_percent_acc': 0.48, 'below_0.01_percent_acc': 0.48, 'below_0.001_percent_acc': 0.48, 'below_0.0001_percent_acc': 0.48, 'indiv_acc': tensor(1.9221, device='cuda:0')}
Epoch: 37       Batch time (0.037586)   Loss (0.003835)
Epoch: 38       Batch time (0.037545)   Loss (0.010765)
{'accuracy': 0.8601019816398621, 'valid paths': 0.43700000166893005, 'perfect_match_accuracy': 0.39800000047683715, 'below_10.0_percent_acc': 0.428, 'below_1.0_percent_acc': 0.416, 'below_0.1_percent_acc': 0.412, 'below_0.01_percent_acc': 0.412, 'below_0.001_percent_acc': 0.412, 'below_0.0001_percent_acc': 0.412, 'indiv_acc': tensor(1.9163, device='cuda:0')}
Epoch: 39       Batch time (0.037688)   Loss (0.016952)
Epoch: 40       Batch time (0.037805)   Loss (0.003209)
{'accuracy': 0.8870675163269043, 'valid paths': 0.4980000014305115, 'perfect_match_accuracy': 0.47200000238418577, 'below_10.0_percent_acc': 0.494, 'below_1.0_percent_acc': 0.482, 'below_0.1_percent_acc': 0.481, 'below_0.01_percent_acc': 0.481, 'below_0.001_percent_acc': 0.481, 'below_0.0001_percent_acc': 0.481, 'indiv_acc': tensor(1.9257, device='cuda:0')}
Epoch: 41       Batch time (0.037613)   Loss (0.000981)
Epoch: 42       Batch time (0.037889)   Loss (0.000440)
{'accuracy': 0.8869268174171447, 'valid paths': 0.5250000033378601, 'perfect_match_accuracy': 0.4980000004768372, 'below_10.0_percent_acc': 0.519, 'below_1.0_percent_acc': 0.508, 'below_0.1_percent_acc': 0.506, 'below_0.01_percent_acc': 0.506, 'below_0.001_percent_acc': 0.506, 'below_0.0001_percent_acc': 0.506, 'indiv_acc': tensor(1.9267, device='cuda:0')}
Epoch: 43       Batch time (0.037644)   Loss (0.000809)
Epoch: 44       Batch time (0.037739)   Loss (0.001640)
{'accuracy': 0.8782161388397217, 'valid paths': 0.4920000009536743, 'perfect_match_accuracy': 0.46600000190734864, 'below_10.0_percent_acc': 0.486, 'below_1.0_percent_acc': 0.479, 'below_0.1_percent_acc': 0.477, 'below_0.01_percent_acc': 0.477, 'below_0.001_percent_acc': 0.477, 'below_0.0001_percent_acc': 0.477, 'indiv_acc': tensor(1.9248, device='cuda:0')}
Epoch: 45       Batch time (0.037776)   Loss (0.001122)
Epoch: 46       Batch time (0.037945)   Loss (0.002030)
{'accuracy': 0.8820094046592712, 'valid paths': 0.4920000004768372, 'perfect_match_accuracy': 0.463, 'below_10.0_percent_acc': 0.486, 'below_1.0_percent_acc': 0.476, 'below_0.1_percent_acc': 0.473, 'below_0.01_percent_acc': 0.473, 'below_0.001_percent_acc': 0.473, 'below_0.0001_percent_acc': 0.473, 'indiv_acc': tensor(1.9248, device='cuda:0')}
Epoch: 47       Batch time (0.037650)   Loss (0.001804)
Epoch: 48       Batch time (0.037716)   Loss (0.002210)
{'accuracy': 0.8783186945915222, 'valid paths': 0.49700000286102297, 'perfect_match_accuracy': 0.4660000023841858, 'below_10.0_percent_acc': 0.488, 'below_1.0_percent_acc': 0.479, 'below_0.1_percent_acc': 0.476, 'below_0.01_percent_acc': 0.476, 'below_0.001_percent_acc': 0.476, 'below_0.0001_percent_acc': 0.476, 'indiv_acc': tensor(1.9231, device='cuda:0')}
Epoch: 49       Batch time (0.037794)   Loss (0.000931)
Epoch: 50       Batch time (0.037846)   Loss (0.000613)
{'accuracy': 0.8844637379646302, 'valid paths': 0.5270000009536743, 'perfect_match_accuracy': 0.4950000004768372, 'below_10.0_percent_acc': 0.516, 'below_1.0_percent_acc': 0.503, 'below_0.1_percent_acc': 0.499, 'below_0.01_percent_acc': 0.499, 'below_0.001_percent_acc': 0.499, 'below_0.0001_percent_acc': 0.499, 'indiv_acc': tensor(1.9254, device='cuda:0')}
Epoch: 51       Batch time (0.037728)   Loss (0.000940)
Epoch: 52       Batch time (0.037910)   Loss (0.000423)
{'accuracy': 0.8826433696746826, 'valid paths': 0.547, 'perfect_match_accuracy': 0.5119999995231629, 'below_10.0_percent_acc': 0.538, 'below_1.0_percent_acc': 0.525, 'below_0.1_percent_acc': 0.521, 'below_0.01_percent_acc': 0.521, 'below_0.001_percent_acc': 0.521, 'below_0.0001_percent_acc': 0.521, 'indiv_acc': tensor(1.9255, device='cuda:0')}
Epoch: 53       Batch time (0.037731)   Loss (0.000228)
Epoch: 54       Batch time (0.037867)   Loss (0.000096)
{'accuracy': 0.8871114435195923, 'valid paths': 0.5560000014305114, 'perfect_match_accuracy': 0.5230000009536743, 'below_10.0_percent_acc': 0.546, 'below_1.0_percent_acc': 0.533, 'below_0.1_percent_acc': 0.53, 'below_0.01_percent_acc': 0.53, 'below_0.001_percent_acc': 0.53, 'below_0.0001_percent_acc': 0.53, 'indiv_acc': tensor(1.9267, device='cuda:0')}
Epoch: 55       Batch time (0.037768)   Loss (0.000067)
Epoch: 56       Batch time (0.037913)   Loss (0.000041)
{'accuracy': 0.8865232028961182, 'valid paths': 0.5570000038146973, 'perfect_match_accuracy': 0.5230000009536743, 'below_10.0_percent_acc': 0.548, 'below_1.0_percent_acc': 0.535, 'below_0.1_percent_acc': 0.532, 'below_0.01_percent_acc': 0.532, 'below_0.001_percent_acc': 0.532, 'below_0.0001_percent_acc': 0.532, 'indiv_acc': tensor(1.9267, device='cuda:0')}
Epoch: 57       Batch time (0.037817)   Loss (0.000032)
Epoch: 58       Batch time (0.037800)   Loss (0.000024)
{'accuracy': 0.8877378778457642, 'valid paths': 0.5660000014305114, 'perfect_match_accuracy': 0.5330000009536743, 'below_10.0_percent_acc': 0.557, 'below_1.0_percent_acc': 0.545, 'below_0.1_percent_acc': 0.542, 'below_0.01_percent_acc': 0.542, 'below_0.001_percent_acc': 0.542, 'below_0.0001_percent_acc': 0.542, 'indiv_acc': tensor(1.9272, device='cuda:0')}
Epoch: 59       Batch time (0.037606)   Loss (0.000023)
Epoch: 60       Batch time (0.037927)   Loss (0.000021)
{'accuracy': 0.8870662851333618, 'valid paths': 0.5650000014305114, 'perfect_match_accuracy': 0.5330000009536743, 'below_10.0_percent_acc': 0.556, 'below_1.0_percent_acc': 0.544, 'below_0.1_percent_acc': 0.54, 'below_0.01_percent_acc': 0.54, 'below_0.001_percent_acc': 0.54, 'below_0.0001_percent_acc': 0.54, 'indiv_acc': tensor(1.9269, device='cuda:0')}
Epoch: 61       Batch time (0.037703)   Loss (0.002907)
Epoch: 62       Batch time (0.037859)   Loss (0.018033)
{'accuracy': 0.8488524241447448, 'valid paths': 0.3920000033378601, 'perfect_match_accuracy': 0.36000000047683717, 'below_10.0_percent_acc': 0.38, 'below_1.0_percent_acc': 0.372, 'below_0.1_percent_acc': 0.37, 'below_0.01_percent_acc': 0.37, 'below_0.001_percent_acc': 0.37, 'below_0.0001_percent_acc': 0.37, 'indiv_acc': tensor(1.9140, device='cuda:0')}
Epoch: 63       Batch time (0.037729)   Loss (0.010634)
Epoch: 64       Batch time (0.037845)   Loss (0.005037)
{'accuracy': 0.8812020120620727, 'valid paths': 0.5030000042915345, 'perfect_match_accuracy': 0.46999999904632567, 'below_10.0_percent_acc': 0.493, 'below_1.0_percent_acc': 0.483, 'below_0.1_percent_acc': 0.479, 'below_0.01_percent_acc': 0.479, 'below_0.001_percent_acc': 0.478, 'below_0.0001_percent_acc': 0.478, 'indiv_acc': tensor(1.9240, device='cuda:0')}
Epoch: 65       Batch time (0.037804)   Loss (0.001559)
Epoch: 66       Batch time (0.038022)   Loss (0.000453)
{'accuracy': 0.8856688919067383, 'valid paths': 0.5590000033378602, 'perfect_match_accuracy': 0.5280000042915344, 'below_10.0_percent_acc': 0.551, 'below_1.0_percent_acc': 0.539, 'below_0.1_percent_acc': 0.536, 'below_0.01_percent_acc': 0.536, 'below_0.001_percent_acc': 0.536, 'below_0.0001_percent_acc': 0.536, 'indiv_acc': tensor(1.9266, device='cuda:0')}
Epoch: 67       Batch time (0.037595)   Loss (0.000214)
Epoch: 68       Batch time (0.037960)   Loss (0.001121)
{'accuracy': 0.8660864911079407, 'valid paths': 0.4799999990463257, 'perfect_match_accuracy': 0.442, 'below_10.0_percent_acc': 0.468, 'below_1.0_percent_acc': 0.455, 'below_0.1_percent_acc': 0.452, 'below_0.01_percent_acc': 0.452, 'below_0.001_percent_acc': 0.452, 'below_0.0001_percent_acc': 0.452, 'indiv_acc': tensor(1.9184, device='cuda:0')}
Epoch: 69       Batch time (0.037757)   Loss (0.013905)
Epoch: 70       Batch time (0.037790)   Loss (0.006716)
{'accuracy': 0.8784536652565003, 'valid paths': 0.5029999995231629, 'perfect_match_accuracy': 0.46900000286102295, 'below_10.0_percent_acc': 0.494, 'below_1.0_percent_acc': 0.483, 'below_0.1_percent_acc': 0.479, 'below_0.01_percent_acc': 0.479, 'below_0.001_percent_acc': 0.479, 'below_0.0001_percent_acc': 0.479, 'indiv_acc': tensor(1.9222, device='cuda:0')}
Epoch: 71       Batch time (0.037525)   Loss (0.003623)
Epoch: 72       Batch time (0.037881)   Loss (0.000993)
{'accuracy': 0.8781765284538269, 'valid paths': 0.5620000014305114, 'perfect_match_accuracy': 0.52, 'below_10.0_percent_acc': 0.556, 'below_1.0_percent_acc': 0.537, 'below_0.1_percent_acc': 0.531, 'below_0.01_percent_acc': 0.531, 'below_0.001_percent_acc': 0.531, 'below_0.0001_percent_acc': 0.531, 'indiv_acc': tensor(1.9240, device='cuda:0')}
Epoch: 73       Batch time (0.037696)   Loss (0.001373)
Epoch: 74       Batch time (0.037815)   Loss (0.000337)
{'accuracy': 0.8854052758216858, 'valid paths': 0.5580000014305114, 'perfect_match_accuracy': 0.5250000047683716, 'below_10.0_percent_acc': 0.55, 'below_1.0_percent_acc': 0.54, 'below_0.1_percent_acc': 0.536, 'below_0.01_percent_acc': 0.536, 'below_0.001_percent_acc': 0.536, 'below_0.0001_percent_acc': 0.536, 'indiv_acc': tensor(1.9256, device='cuda:0')}
Epoch: 75       Batch time (0.037837)   Loss (0.000761)
Epoch: 76       Batch time (0.037745)   Loss (0.009203)
{'accuracy': 0.8716825661659241, 'valid paths': 0.5169999995231629, 'perfect_match_accuracy': 0.48200000190734865, 'below_10.0_percent_acc': 0.511, 'below_1.0_percent_acc': 0.498, 'below_0.1_percent_acc': 0.493, 'below_0.01_percent_acc': 0.493, 'below_0.001_percent_acc': 0.493, 'below_0.0001_percent_acc': 0.493, 'indiv_acc': tensor(1.9215, device='cuda:0')}
Epoch: 77       Batch time (0.037733)   Loss (0.000965)
Epoch: 78       Batch time (0.037772)   Loss (0.000259)
{'accuracy': 0.8790889115333557, 'valid paths': 0.5480000009536743, 'perfect_match_accuracy': 0.5130000019073486, 'below_10.0_percent_acc': 0.538, 'below_1.0_percent_acc': 0.526, 'below_0.1_percent_acc': 0.52, 'below_0.01_percent_acc': 0.52, 'below_0.001_percent_acc': 0.52, 'below_0.0001_percent_acc': 0.52, 'indiv_acc': tensor(1.9245, device='cuda:0')}
Epoch: 79       Batch time (0.037720)   Loss (0.000122)
Epoch: 80       Batch time (0.037912)   Loss (0.001494)
{'accuracy': 0.8848939423561096, 'valid paths': 0.5150000042915345, 'perfect_match_accuracy': 0.48100000143051147, 'below_10.0_percent_acc': 0.508, 'below_1.0_percent_acc': 0.503, 'below_0.1_percent_acc': 0.498, 'below_0.01_percent_acc': 0.498, 'below_0.001_percent_acc': 0.497, 'below_0.0001_percent_acc': 0.497, 'indiv_acc': tensor(1.9239, device='cuda:0')}
Epoch: 81       Batch time (0.037669)   Loss (0.000747)
Epoch: 82       Batch time (0.037668)   Loss (0.000325)
{'accuracy': 0.883689757347107, 'valid paths': 0.5710000028610229, 'perfect_match_accuracy': 0.5310000047683716, 'below_10.0_percent_acc': 0.562, 'below_1.0_percent_acc': 0.552, 'below_0.1_percent_acc': 0.545, 'below_0.01_percent_acc': 0.545, 'below_0.001_percent_acc': 0.545, 'below_0.0001_percent_acc': 0.545, 'indiv_acc': tensor(1.9259, device='cuda:0')}
Epoch: 83       Batch time (0.037720)   Loss (0.000133)
Epoch: 84       Batch time (0.037523)   Loss (0.015380)
{'accuracy': 0.8699630970954895, 'valid paths': 0.48100000286102296, 'perfect_match_accuracy': 0.444, 'below_10.0_percent_acc': 0.474, 'below_1.0_percent_acc': 0.459, 'below_0.1_percent_acc': 0.453, 'below_0.01_percent_acc': 0.453, 'below_0.001_percent_acc': 0.453, 'below_0.0001_percent_acc': 0.453, 'indiv_acc': tensor(1.9197, device='cuda:0')}
Epoch: 85       Batch time (0.037740)   Loss (0.004898)
Epoch: 86       Batch time (0.037831)   Loss (0.001002)
{'accuracy': 0.8746724410057067, 'valid paths': 0.5580000038146973, 'perfect_match_accuracy': 0.5190000009536743, 'below_10.0_percent_acc': 0.55, 'below_1.0_percent_acc': 0.534, 'below_0.1_percent_acc': 0.526, 'below_0.01_percent_acc': 0.526, 'below_0.001_percent_acc': 0.526, 'below_0.0001_percent_acc': 0.526, 'indiv_acc': tensor(1.9235, device='cuda:0')}
Epoch: 87       Batch time (0.037784)   Loss (0.000247)
Epoch: 88       Batch time (0.037700)   Loss (0.000097)
{'accuracy': 0.8795472373962402, 'valid paths': 0.5890000052452088, 'perfect_match_accuracy': 0.554, 'below_10.0_percent_acc': 0.58, 'below_1.0_percent_acc': 0.567, 'below_0.1_percent_acc': 0.561, 'below_0.01_percent_acc': 0.561, 'below_0.001_percent_acc': 0.561, 'below_0.0001_percent_acc': 0.561, 'indiv_acc': tensor(1.9249, device='cuda:0')}
Epoch: 89       Batch time (0.037719)   Loss (0.000060)
Epoch: 90       Batch time (0.037612)   Loss (0.000041)
{'accuracy': 0.8794524984359742, 'valid paths': 0.5900000052452088, 'perfect_match_accuracy': 0.553, 'below_10.0_percent_acc': 0.583, 'below_1.0_percent_acc': 0.567, 'below_0.1_percent_acc': 0.561, 'below_0.01_percent_acc': 0.561, 'below_0.001_percent_acc': 0.561, 'below_0.0001_percent_acc': 0.561, 'indiv_acc': tensor(1.9254, device='cuda:0')}
Epoch: 91       Batch time (0.037808)   Loss (0.000037)
Epoch: 92       Batch time (0.037770)   Loss (0.000030)
{'accuracy': 0.8782776174545288, 'valid paths': 0.5910000038146973, 'perfect_match_accuracy': 0.5550000023841858, 'below_10.0_percent_acc': 0.585, 'below_1.0_percent_acc': 0.569, 'below_0.1_percent_acc': 0.564, 'below_0.01_percent_acc': 0.564, 'below_0.001_percent_acc': 0.564, 'below_0.0001_percent_acc': 0.564, 'indiv_acc': tensor(1.9251, device='cuda:0')}
Epoch: 93       Batch time (0.037737)   Loss (0.000068)
Epoch: 94       Batch time (0.037788)   Loss (0.000282)
{'accuracy': 0.8795816388130188, 'valid paths': 0.5780000038146973, 'perfect_match_accuracy': 0.5420000047683716, 'below_10.0_percent_acc': 0.57, 'below_1.0_percent_acc': 0.556, 'below_0.1_percent_acc': 0.55, 'below_0.01_percent_acc': 0.55, 'below_0.001_percent_acc': 0.55, 'below_0.0001_percent_acc': 0.55, 'indiv_acc': tensor(1.9248, device='cuda:0')}
Epoch: 95       Batch time (0.037735)   Loss (0.000099)
Epoch: 96       Batch time (0.037826)   Loss (0.000086)
{'accuracy': 0.8793536314964294, 'valid paths': 0.5760000014305114, 'perfect_match_accuracy': 0.5320000023841858, 'below_10.0_percent_acc': 0.569, 'below_1.0_percent_acc': 0.552, 'below_0.1_percent_acc': 0.546, 'below_0.01_percent_acc': 0.546, 'below_0.001_percent_acc': 0.546, 'below_0.0001_percent_acc': 0.546, 'indiv_acc': tensor(1.9245, device='cuda:0')}
Epoch: 97       Batch time (0.037693)   Loss (0.000060)
Epoch: 98       Batch time (0.037726)   Loss (0.000027)
{'accuracy': 0.8810265135765075, 'valid paths': 0.5920000014305115, 'perfect_match_accuracy': 0.5520000023841858, 'below_10.0_percent_acc': 0.583, 'below_1.0_percent_acc': 0.569, 'below_0.1_percent_acc': 0.564, 'below_0.01_percent_acc': 0.564, 'below_0.001_percent_acc': 0.564, 'below_0.0001_percent_acc': 0.564, 'indiv_acc': tensor(1.9253, device='cuda:0')}
Epoch: 99       Batch time (0.037720)   Loss (0.000021)
Epoch: 100      Batch time (0.037777)   Loss (0.000581)
{'accuracy': 0.876163109779358, 'valid paths': 0.542, 'perfect_match_accuracy': 0.5059999995231629, 'below_10.0_percent_acc': 0.533, 'below_1.0_percent_acc': 0.52, 'below_0.1_percent_acc': 0.514, 'below_0.01_percent_acc': 0.514, 'below_0.001_percent_acc': 0.514, 'below_0.0001_percent_acc': 0.514, 'indiv_acc': tensor(1.9234, device='cuda:0')}
Epoch: 101      Batch time (0.037827)   Loss (0.004535)
Epoch: 102      Batch time (0.037714)   Loss (0.009997)
{'accuracy': 0.8744425826072693, 'valid paths': 0.5030000023841857, 'perfect_match_accuracy': 0.46200000286102294, 'below_10.0_percent_acc': 0.492, 'below_1.0_percent_acc': 0.473, 'below_0.1_percent_acc': 0.47, 'below_0.01_percent_acc': 0.47, 'below_0.001_percent_acc': 0.47, 'below_0.0001_percent_acc': 0.47, 'indiv_acc': tensor(1.9217, device='cuda:0')}
Epoch: 103      Batch time (0.037616)   Loss (0.004447)
Epoch: 104      Batch time (0.037518)   Loss (0.001408)
{'accuracy': 0.876659607887268, 'valid paths': 0.5500000014305114, 'perfect_match_accuracy': 0.5070000009536744, 'below_10.0_percent_acc': 0.543, 'below_1.0_percent_acc': 0.525, 'below_0.1_percent_acc': 0.519, 'below_0.01_percent_acc': 0.519, 'below_0.001_percent_acc': 0.519, 'below_0.0001_percent_acc': 0.519, 'indiv_acc': tensor(1.9223, device='cuda:0')}
Epoch: 105      Batch time (0.037818)   Loss (0.001076)
Epoch: 106      Batch time (0.037779)   Loss (0.001889)
{'accuracy': 0.8552700061798095, 'valid paths': 0.4880000014305115, 'perfect_match_accuracy': 0.4440000023841858, 'below_10.0_percent_acc': 0.48, 'below_1.0_percent_acc': 0.467, 'below_0.1_percent_acc': 0.463, 'below_0.01_percent_acc': 0.463, 'below_0.001_percent_acc': 0.463, 'below_0.0001_percent_acc': 0.463, 'indiv_acc': tensor(1.9160, device='cuda:0')}
Epoch: 107      Batch time (0.037685)   Loss (0.003985)
Epoch: 108      Batch time (0.037724)   Loss (0.000962)
{'accuracy': 0.8837742066383362, 'valid paths': 0.5580000038146973, 'perfect_match_accuracy': 0.5239999995231629, 'below_10.0_percent_acc': 0.552, 'below_1.0_percent_acc': 0.535, 'below_0.1_percent_acc': 0.532, 'below_0.01_percent_acc': 0.532, 'below_0.001_percent_acc': 0.531, 'below_0.0001_percent_acc': 0.531, 'indiv_acc': tensor(1.9254, device='cuda:0')}
Epoch: 109      Batch time (0.037761)   Loss (0.000215)
Epoch: 110      Batch time (0.037946)   Loss (0.000118)
{'accuracy': 0.8851258535385131, 'valid paths': 0.5780000028610229, 'perfect_match_accuracy': 0.5420000023841858, 'below_10.0_percent_acc': 0.571, 'below_1.0_percent_acc': 0.55, 'below_0.1_percent_acc': 0.547, 'below_0.01_percent_acc': 0.547, 'below_0.001_percent_acc': 0.547, 'below_0.0001_percent_acc': 0.547, 'indiv_acc': tensor(1.9264, device='cuda:0')}
Epoch: 111      Batch time (0.037631)   Loss (0.000158)
Epoch: 112      Batch time (0.037699)   Loss (0.000328)
{'accuracy': 0.8776819744110107, 'valid paths': 0.5620000023841858, 'perfect_match_accuracy': 0.5269999995231628, 'below_10.0_percent_acc': 0.558, 'below_1.0_percent_acc': 0.542, 'below_0.1_percent_acc': 0.538, 'below_0.01_percent_acc': 0.538, 'below_0.001_percent_acc': 0.538, 'below_0.0001_percent_acc': 0.538, 'indiv_acc': tensor(1.9238, device='cuda:0')}
Epoch: 113      Batch time (0.037709)   Loss (0.000132)
Epoch: 114      Batch time (0.037751)   Loss (0.000148)
{'accuracy': 0.8829630908966064, 'valid paths': 0.581, 'perfect_match_accuracy': 0.5420000033378601, 'below_10.0_percent_acc': 0.574, 'below_1.0_percent_acc': 0.557, 'below_0.1_percent_acc': 0.552, 'below_0.01_percent_acc': 0.552, 'below_0.001_percent_acc': 0.552, 'below_0.0001_percent_acc': 0.552, 'indiv_acc': tensor(1.9251, device='cuda:0')}
Epoch: 115      Batch time (0.037574)   Loss (0.001990)
Epoch: 116      Batch time (0.037827)   Loss (0.003758)
{'accuracy': 0.8667316942214965, 'valid paths': 0.492, 'perfect_match_accuracy': 0.45100000166893006, 'below_10.0_percent_acc': 0.483, 'below_1.0_percent_acc': 0.472, 'below_0.1_percent_acc': 0.465, 'below_0.01_percent_acc': 0.465, 'below_0.001_percent_acc': 0.465, 'below_0.0001_percent_acc': 0.465, 'indiv_acc': tensor(1.9191, device='cuda:0')}
Epoch: 117      Batch time (0.037654)   Loss (0.005366)
Epoch: 118      Batch time (0.037629)   Loss (0.001260)
{'accuracy': 0.8768334050178528, 'valid paths': 0.5560000033378601, 'perfect_match_accuracy': 0.511000002861023, 'below_10.0_percent_acc': 0.547, 'below_1.0_percent_acc': 0.53, 'below_0.1_percent_acc': 0.523, 'below_0.01_percent_acc': 0.523, 'below_0.001_percent_acc': 0.523, 'below_0.0001_percent_acc': 0.523, 'indiv_acc': tensor(1.9229, device='cuda:0')}
Epoch: 119      Batch time (0.037587)   Loss (0.001485)
Epoch: 120      Batch time (0.037767)   Loss (0.001673)
{'accuracy': 0.8743061208724976, 'valid paths': 0.5430000014305115, 'perfect_match_accuracy': 0.5010000016689301, 'below_10.0_percent_acc': 0.534, 'below_1.0_percent_acc': 0.521, 'below_0.1_percent_acc': 0.515, 'below_0.01_percent_acc': 0.515, 'below_0.001_percent_acc': 0.515, 'below_0.0001_percent_acc': 0.515, 'indiv_acc': tensor(1.9224, device='cuda:0')}
Epoch: 121      Batch time (0.037717)   Loss (0.000582)
Epoch: 122      Batch time (0.037747)   Loss (0.000180)
{'accuracy': 0.8832425642013549, 'valid paths': 0.5940000004768372, 'perfect_match_accuracy': 0.5570000023841858, 'below_10.0_percent_acc': 0.583, 'below_1.0_percent_acc': 0.573, 'below_0.1_percent_acc': 0.566, 'below_0.01_percent_acc': 0.566, 'below_0.001_percent_acc': 0.566, 'below_0.0001_percent_acc': 0.566, 'indiv_acc': tensor(1.9252, device='cuda:0')}
Epoch: 123      Batch time (0.037584)   Loss (0.000090)
Epoch: 124      Batch time (0.037820)   Loss (0.000034)
{'accuracy': 0.8853095860481263, 'valid paths': 0.6130000042915345, 'perfect_match_accuracy': 0.5740000038146973, 'below_10.0_percent_acc': 0.603, 'below_1.0_percent_acc': 0.592, 'below_0.1_percent_acc': 0.584, 'below_0.01_percent_acc': 0.584, 'below_0.001_percent_acc': 0.584, 'below_0.0001_percent_acc': 0.584, 'indiv_acc': tensor(1.9264, device='cuda:0')}
Epoch: 125      Batch time (0.037744)   Loss (0.000023)
Epoch: 126      Batch time (0.037601)   Loss (0.000017)
{'accuracy': 0.8845003056526184, 'valid paths': 0.6110000004768371, 'perfect_match_accuracy': 0.573, 'below_10.0_percent_acc': 0.602, 'below_1.0_percent_acc': 0.591, 'below_0.1_percent_acc': 0.584, 'below_0.01_percent_acc': 0.584, 'below_0.001_percent_acc': 0.584, 'below_0.0001_percent_acc': 0.584, 'indiv_acc': tensor(1.9262, device='cuda:0')}
Epoch: 127      Batch time (0.037698)   Loss (0.000015)
Epoch: 128      Batch time (0.037677)   Loss (0.000243)
{'accuracy': 0.8844959745407105, 'valid paths': 0.6070000014305115, 'perfect_match_accuracy': 0.5670000009536743, 'below_10.0_percent_acc': 0.597, 'below_1.0_percent_acc': 0.586, 'below_0.1_percent_acc': 0.578, 'below_0.01_percent_acc': 0.578, 'below_0.001_percent_acc': 0.578, 'below_0.0001_percent_acc': 0.578, 'indiv_acc': tensor(1.9258, device='cuda:0')}
Epoch: 129      Batch time (0.037568)   Loss (0.000095)
Epoch: 130      Batch time (0.037691)   Loss (0.003288)
{'accuracy': 0.850970136642456, 'valid paths': 0.449, 'perfect_match_accuracy': 0.40500000190734864, 'below_10.0_percent_acc': 0.439, 'below_1.0_percent_acc': 0.427, 'below_0.1_percent_acc': 0.421, 'below_0.01_percent_acc': 0.421, 'below_0.001_percent_acc': 0.421, 'below_0.0001_percent_acc': 0.421, 'indiv_acc': tensor(1.9149, device='cuda:0')}
Epoch: 131      Batch time (0.037278)   Loss (0.005838)
Epoch: 132      Batch time (0.037499)   Loss (0.001721)
{'accuracy': 0.873219518661499, 'valid paths': 0.5770000052452088, 'perfect_match_accuracy': 0.5310000009536743, 'below_10.0_percent_acc': 0.562, 'below_1.0_percent_acc': 0.549, 'below_0.1_percent_acc': 0.544, 'below_0.01_percent_acc': 0.544, 'below_0.001_percent_acc': 0.544, 'below_0.0001_percent_acc': 0.544, 'indiv_acc': tensor(1.9224, device='cuda:0')}
Epoch: 133      Batch time (0.037623)   Loss (0.001883)
Epoch: 134      Batch time (0.037659)   Loss (0.007178)
{'accuracy': 0.882013457775116, 'valid paths': 0.563, 'perfect_match_accuracy': 0.5239999995231629, 'below_10.0_percent_acc': 0.555, 'below_1.0_percent_acc': 0.539, 'below_0.1_percent_acc': 0.534, 'below_0.01_percent_acc': 0.534, 'below_0.001_percent_acc': 0.534, 'below_0.0001_percent_acc': 0.534, 'indiv_acc': tensor(1.9238, device='cuda:0')}
Epoch: 135      Batch time (0.037617)   Loss (0.002166)
Epoch: 136      Batch time (0.037743)   Loss (0.000319)
{'accuracy': 0.8830987381935119, 'valid paths': 0.589, 'perfect_match_accuracy': 0.5450000019073487, 'below_10.0_percent_acc': 0.577, 'below_1.0_percent_acc': 0.564, 'below_0.1_percent_acc': 0.557, 'below_0.01_percent_acc': 0.557, 'below_0.001_percent_acc': 0.557, 'below_0.0001_percent_acc': 0.557, 'indiv_acc': tensor(1.9252, device='cuda:0')}
Epoch: 137      Batch time (0.037488)   Loss (0.000183)
Epoch: 138      Batch time (0.037505)   Loss (0.004010)
{'accuracy': 0.8609464507102966, 'valid paths': 0.4540000023841858, 'perfect_match_accuracy': 0.41800000190734865, 'below_10.0_percent_acc': 0.446, 'below_1.0_percent_acc': 0.435, 'below_0.1_percent_acc': 0.427, 'below_0.01_percent_acc': 0.427, 'below_0.001_percent_acc': 0.427, 'below_0.0001_percent_acc': 0.427, 'indiv_acc': tensor(1.9158, device='cuda:0')}
Epoch: 139      Batch time (0.037547)   Loss (0.002094)
Epoch: 140      Batch time (0.037702)   Loss (0.000254)
{'accuracy': 0.8783035545349122, 'valid paths': 0.593000002861023, 'perfect_match_accuracy': 0.5450000023841858, 'below_10.0_percent_acc': 0.582, 'below_1.0_percent_acc': 0.569, 'below_0.1_percent_acc': 0.561, 'below_0.01_percent_acc': 0.561, 'below_0.001_percent_acc': 0.561, 'below_0.0001_percent_acc': 0.561, 'indiv_acc': tensor(1.9233, device='cuda:0')}
Epoch: 141      Batch time (0.037602)   Loss (0.000068)
Epoch: 142      Batch time (0.037769)   Loss (0.000037)
{'accuracy': 0.8779465947151184, 'valid paths': 0.5970000038146973, 'perfect_match_accuracy': 0.5510000009536743, 'below_10.0_percent_acc': 0.587, 'below_1.0_percent_acc': 0.576, 'below_0.1_percent_acc': 0.569, 'below_0.01_percent_acc': 0.569, 'below_0.001_percent_acc': 0.569, 'below_0.0001_percent_acc': 0.569, 'indiv_acc': tensor(1.9239, device='cuda:0')}
Epoch: 143      Batch time (0.037570)   Loss (0.000026)
Epoch: 144      Batch time (0.037708)   Loss (0.000019)
{'accuracy': 0.8791673240661622, 'valid paths': 0.6080000052452087, 'perfect_match_accuracy': 0.5620000009536743, 'below_10.0_percent_acc': 0.598, 'below_1.0_percent_acc': 0.584, 'below_0.1_percent_acc': 0.577, 'below_0.01_percent_acc': 0.577, 'below_0.001_percent_acc': 0.577, 'below_0.0001_percent_acc': 0.577, 'indiv_acc': tensor(1.9242, device='cuda:0')}
Epoch: 145      Batch time (0.037419)   Loss (0.000016)
Epoch: 146      Batch time (0.037572)   Loss (0.000014)
{'accuracy': 0.8774529476165771, 'valid paths': 0.6090000042915344, 'perfect_match_accuracy': 0.557, 'below_10.0_percent_acc': 0.598, 'below_1.0_percent_acc': 0.583, 'below_0.1_percent_acc': 0.575, 'below_0.01_percent_acc': 0.575, 'below_0.001_percent_acc': 0.575, 'below_0.0001_percent_acc': 0.575, 'indiv_acc': tensor(1.9239, device='cuda:0')}
Epoch: 147      Batch time (0.037539)   Loss (0.000012)
Epoch: 148      Batch time (0.037486)   Loss (0.000011)
{'accuracy': 0.8786263585090637, 'valid paths': 0.6040000014305115, 'perfect_match_accuracy': 0.5570000033378602, 'below_10.0_percent_acc': 0.595, 'below_1.0_percent_acc': 0.578, 'below_0.1_percent_acc': 0.571, 'below_0.01_percent_acc': 0.571, 'below_0.001_percent_acc': 0.571, 'below_0.0001_percent_acc': 0.571, 'indiv_acc': tensor(1.9243, device='cuda:0')}
Epoch: 149      Batch time (0.037649)   Loss (0.000010)
Epoch: 150      Batch time (0.037645)   Loss (0.000031)
{'accuracy': 0.8779517159461975, 'valid paths': 0.5980000014305115, 'perfect_match_accuracy': 0.5520000033378601, 'below_10.0_percent_acc': 0.587, 'below_1.0_percent_acc': 0.572, 'below_0.1_percent_acc': 0.564, 'below_0.01_percent_acc': 0.564, 'below_0.001_percent_acc': 0.564, 'below_0.0001_percent_acc': 0.564, 'indiv_acc': tensor(1.9237, device='cuda:0')}
Epoch: 151      Batch time (0.037479)   Loss (0.009384)
Epoch: 152      Batch time (0.037682)   Loss (0.001090)
{'accuracy': 0.8831850442886352, 'valid paths': 0.5740000057220459, 'perfect_match_accuracy': 0.527, 'below_10.0_percent_acc': 0.565, 'below_1.0_percent_acc': 0.546, 'below_0.1_percent_acc': 0.537, 'below_0.01_percent_acc': 0.537, 'below_0.001_percent_acc': 0.537, 'below_0.0001_percent_acc': 0.537, 'indiv_acc': tensor(1.9245, device='cuda:0')}
Epoch: 153      Batch time (0.037146)   Loss (0.000532)
Epoch: 154      Batch time (0.037601)   Loss (0.000212)
{'accuracy': 0.8821460347175598, 'valid paths': 0.5840000004768372, 'perfect_match_accuracy': 0.5420000014305115, 'below_10.0_percent_acc': 0.574, 'below_1.0_percent_acc': 0.56, 'below_0.1_percent_acc': 0.553, 'below_0.01_percent_acc': 0.553, 'below_0.001_percent_acc': 0.553, 'below_0.0001_percent_acc': 0.553, 'indiv_acc': tensor(1.9251, device='cuda:0')}
Epoch: 155      Batch time (0.037789)   Loss (0.000184)
Epoch: 156      Batch time (0.037414)   Loss (0.000544)
{'accuracy': 0.8756494884490966, 'valid paths': 0.5480000009536743, 'perfect_match_accuracy': 0.5090000004768371, 'below_10.0_percent_acc': 0.538, 'below_1.0_percent_acc': 0.521, 'below_0.1_percent_acc': 0.519, 'below_0.01_percent_acc': 0.519, 'below_0.001_percent_acc': 0.519, 'below_0.0001_percent_acc': 0.519, 'indiv_acc': tensor(1.9237, device='cuda:0')}
Epoch: 157      Batch time (0.037513)   Loss (0.003807)
Epoch: 158      Batch time (0.037600)   Loss (0.002789)
{'accuracy': 0.8797099752426147, 'valid paths': 0.5470000014305115, 'perfect_match_accuracy': 0.5100000033378601, 'below_10.0_percent_acc': 0.539, 'below_1.0_percent_acc': 0.529, 'below_0.1_percent_acc': 0.524, 'below_0.01_percent_acc': 0.524, 'below_0.001_percent_acc': 0.524, 'below_0.0001_percent_acc': 0.524, 'indiv_acc': tensor(1.9245, device='cuda:0')}
Epoch: 159      Batch time (0.037673)   Loss (0.000510)
Epoch: 160      Batch time (0.037553)   Loss (0.000189)
{'accuracy': 0.8829579844474792, 'valid paths': 0.5760000004768372, 'perfect_match_accuracy': 0.5400000023841858, 'below_10.0_percent_acc': 0.568, 'below_1.0_percent_acc': 0.552, 'below_0.1_percent_acc': 0.547, 'below_0.01_percent_acc': 0.547, 'below_0.001_percent_acc': 0.547, 'below_0.0001_percent_acc': 0.547, 'indiv_acc': tensor(1.9256, device='cuda:0')}
Epoch: 161      Batch time (0.037661)   Loss (0.000569)
Epoch: 162      Batch time (0.037597)   Loss (0.000252)
{'accuracy': 0.8778561930656433, 'valid paths': 0.5800000028610229, 'perfect_match_accuracy': 0.5390000023841858, 'below_10.0_percent_acc': 0.569, 'below_1.0_percent_acc': 0.555, 'below_0.1_percent_acc': 0.549, 'below_0.01_percent_acc': 0.549, 'below_0.001_percent_acc': 0.548, 'below_0.0001_percent_acc': 0.548, 'indiv_acc': tensor(1.9237, device='cuda:0')}
Epoch: 163      Batch time (0.037575)   Loss (0.000072)
Epoch: 164      Batch time (0.037578)   Loss (0.000029)
{'accuracy': 0.8880054326057434, 'valid paths': 0.6030000004768371, 'perfect_match_accuracy': 0.5610000023841858, 'below_10.0_percent_acc': 0.594, 'below_1.0_percent_acc': 0.578, 'below_0.1_percent_acc': 0.573, 'below_0.01_percent_acc': 0.573, 'below_0.001_percent_acc': 0.573, 'below_0.0001_percent_acc': 0.573, 'indiv_acc': tensor(1.9271, device='cuda:0')}
Epoch: 165      Batch time (0.037485)   Loss (0.000016)
Epoch: 166      Batch time (0.037729)   Loss (0.000013)
{'accuracy': 0.8875072283744811, 'valid paths': 0.6150000019073486, 'perfect_match_accuracy': 0.5720000038146973, 'below_10.0_percent_acc': 0.606, 'below_1.0_percent_acc': 0.59, 'below_0.1_percent_acc': 0.584, 'below_0.01_percent_acc': 0.584, 'below_0.001_percent_acc': 0.584, 'below_0.0001_percent_acc': 0.584, 'indiv_acc': tensor(1.9272, device='cuda:0')}
Epoch: 167      Batch time (0.037534)   Loss (0.000011)
Epoch: 168      Batch time (0.037593)   Loss (0.000009)
{'accuracy': 0.8875101933479309, 'valid paths': 0.6160000019073486, 'perfect_match_accuracy': 0.5760000014305114, 'below_10.0_percent_acc': 0.608, 'below_1.0_percent_acc': 0.592, 'below_0.1_percent_acc': 0.586, 'below_0.01_percent_acc': 0.586, 'below_0.001_percent_acc': 0.586, 'below_0.0001_percent_acc': 0.586, 'indiv_acc': tensor(1.9273, device='cuda:0')}
Epoch: 169      Batch time (0.037566)   Loss (0.000008)
Epoch: 170      Batch time (0.037677)   Loss (0.000023)
{'accuracy': 0.8904435052871704, 'valid paths': 0.6040000052452087, 'perfect_match_accuracy': 0.5630000047683715, 'below_10.0_percent_acc': 0.597, 'below_1.0_percent_acc': 0.58, 'below_0.1_percent_acc': 0.574, 'below_0.01_percent_acc': 0.574, 'below_0.001_percent_acc': 0.574, 'below_0.0001_percent_acc': 0.574, 'indiv_acc': tensor(1.9275, device='cuda:0')}
Epoch: 171      Batch time (0.037627)   Loss (0.000009)
Epoch: 172      Batch time (0.037660)   Loss (0.000006)
{'accuracy': 0.8878716721534728, 'valid paths': 0.5990000052452087, 'perfect_match_accuracy': 0.5580000009536743, 'below_10.0_percent_acc': 0.592, 'below_1.0_percent_acc': 0.575, 'below_0.1_percent_acc': 0.569, 'below_0.01_percent_acc': 0.569, 'below_0.001_percent_acc': 0.569, 'below_0.0001_percent_acc': 0.569, 'indiv_acc': tensor(1.9272, device='cuda:0')}
Epoch: 173      Batch time (0.037491)   Loss (0.000008)
Epoch: 174      Batch time (0.037691)   Loss (0.000006)
{'accuracy': 0.8866522936820984, 'valid paths': 0.605000002861023, 'perfect_match_accuracy': 0.5650000023841858, 'below_10.0_percent_acc': 0.598, 'below_1.0_percent_acc': 0.582, 'below_0.1_percent_acc': 0.575, 'below_0.01_percent_acc': 0.575, 'below_0.001_percent_acc': 0.575, 'below_0.0001_percent_acc': 0.575, 'indiv_acc': tensor(1.9271, device='cuda:0')}
Epoch: 175      Batch time (0.037619)   Loss (0.000007)
Epoch: 176      Batch time (0.037604)   Loss (0.000007)
{'accuracy': 0.8883676891326904, 'valid paths': 0.6090000004768371, 'perfect_match_accuracy': 0.572, 'below_10.0_percent_acc': 0.602, 'below_1.0_percent_acc': 0.589, 'below_0.1_percent_acc': 0.583, 'below_0.01_percent_acc': 0.583, 'below_0.001_percent_acc': 0.583, 'below_0.0001_percent_acc': 0.583, 'indiv_acc': tensor(1.9275, device='cuda:0')}
Epoch: 177      Batch time (0.037674)   Loss (0.000024)
Epoch: 178      Batch time (0.037678)   Loss (0.017404)
{'accuracy': 0.8616504039764404, 'valid paths': 0.500000002861023, 'perfect_match_accuracy': 0.4490000023841858, 'below_10.0_percent_acc': 0.49, 'below_1.0_percent_acc': 0.474, 'below_0.1_percent_acc': 0.472, 'below_0.01_percent_acc': 0.472, 'below_0.001_percent_acc': 0.472, 'below_0.0001_percent_acc': 0.472, 'indiv_acc': tensor(1.9179, device='cuda:0')}
Epoch: 179      Batch time (0.037519)   Loss (0.002160)
Epoch: 180      Batch time (0.037659)   Loss (0.000706)
{'accuracy': 0.8774987583160401, 'valid paths': 0.5750000014305114, 'perfect_match_accuracy': 0.5360000009536743, 'below_10.0_percent_acc': 0.566, 'below_1.0_percent_acc': 0.552, 'below_0.1_percent_acc': 0.547, 'below_0.01_percent_acc': 0.547, 'below_0.001_percent_acc': 0.547, 'below_0.0001_percent_acc': 0.547, 'indiv_acc': tensor(1.9229, device='cuda:0')}
Epoch: 181      Batch time (0.037601)   Loss (0.000354)
Epoch: 182      Batch time (0.037673)   Loss (0.000065)
{'accuracy': 0.8801165962219238, 'valid paths': 0.5980000052452087, 'perfect_match_accuracy': 0.5610000047683715, 'below_10.0_percent_acc': 0.591, 'below_1.0_percent_acc': 0.576, 'below_0.1_percent_acc': 0.571, 'below_0.01_percent_acc': 0.571, 'below_0.001_percent_acc': 0.571, 'below_0.0001_percent_acc': 0.571, 'indiv_acc': tensor(1.9243, device='cuda:0')}
Epoch: 183      Batch time (0.037757)   Loss (0.000035)
Epoch: 184      Batch time (0.037851)   Loss (0.000025)
{'accuracy': 0.8810202503204345, 'valid paths': 0.6080000038146973, 'perfect_match_accuracy': 0.5670000009536743, 'below_10.0_percent_acc': 0.599, 'below_1.0_percent_acc': 0.585, 'below_0.1_percent_acc': 0.579, 'below_0.01_percent_acc': 0.579, 'below_0.001_percent_acc': 0.579, 'below_0.0001_percent_acc': 0.579, 'indiv_acc': tensor(1.9248, device='cuda:0')}
Epoch: 185      Batch time (0.037537)   Loss (0.000023)
Epoch: 186      Batch time (0.037712)   Loss (0.000018)
{'accuracy': 0.880478657245636, 'valid paths': 0.606000002861023, 'perfect_match_accuracy': 0.5650000023841858, 'below_10.0_percent_acc': 0.598, 'below_1.0_percent_acc': 0.583, 'below_0.1_percent_acc': 0.577, 'below_0.01_percent_acc': 0.577, 'below_0.001_percent_acc': 0.577, 'below_0.0001_percent_acc': 0.577, 'indiv_acc': tensor(1.9250, device='cuda:0')}
Epoch: 187      Batch time (0.037611)   Loss (0.000018)
Epoch: 188      Batch time (0.037783)   Loss (0.000021)
{'accuracy': 0.8798001441955566, 'valid paths': 0.5930000052452088, 'perfect_match_accuracy': 0.5550000047683716, 'below_10.0_percent_acc': 0.586, 'below_1.0_percent_acc': 0.573, 'below_0.1_percent_acc': 0.566, 'below_0.01_percent_acc': 0.566, 'below_0.001_percent_acc': 0.566, 'below_0.0001_percent_acc': 0.566, 'indiv_acc': tensor(1.9248, device='cuda:0')}
Epoch: 189      Batch time (0.037512)   Loss (0.005186)
Epoch: 190      Batch time (0.037869)   Loss (0.001685)
{'accuracy': 0.8758330965042114, 'valid paths': 0.5750000009536743, 'perfect_match_accuracy': 0.5430000019073487, 'below_10.0_percent_acc': 0.568, 'below_1.0_percent_acc': 0.558, 'below_0.1_percent_acc': 0.552, 'below_0.01_percent_acc': 0.552, 'below_0.001_percent_acc': 0.552, 'below_0.0001_percent_acc': 0.552, 'indiv_acc': tensor(1.9234, device='cuda:0')}
Epoch: 191      Batch time (0.037770)   Loss (0.000299)
Epoch: 192      Batch time (0.037756)   Loss (0.000105)
{'accuracy': 0.8782621397972107, 'valid paths': 0.5930000023841858, 'perfect_match_accuracy': 0.5480000042915344, 'below_10.0_percent_acc': 0.585, 'below_1.0_percent_acc': 0.572, 'below_0.1_percent_acc': 0.563, 'below_0.01_percent_acc': 0.563, 'below_0.001_percent_acc': 0.563, 'below_0.0001_percent_acc': 0.563, 'indiv_acc': tensor(1.9247, device='cuda:0')}
Epoch: 193      Batch time (0.037647)   Loss (0.007061)
Epoch: 194      Batch time (0.037737)   Loss (0.005406)
{'accuracy': 0.8799041395187378, 'valid paths': 0.5750000047683715, 'perfect_match_accuracy': 0.5260000042915344, 'below_10.0_percent_acc': 0.559, 'below_1.0_percent_acc': 0.545, 'below_0.1_percent_acc': 0.539, 'below_0.01_percent_acc': 0.539, 'below_0.001_percent_acc': 0.539, 'below_0.0001_percent_acc': 0.539, 'indiv_acc': tensor(1.9242, device='cuda:0')}
Epoch: 195      Batch time (0.037611)   Loss (0.000363)
Epoch: 196      Batch time (0.037773)   Loss (0.000100)
{'accuracy': 0.8812124614715576, 'valid paths': 0.5920000014305115, 'perfect_match_accuracy': 0.5479999995231628, 'below_10.0_percent_acc': 0.58, 'below_1.0_percent_acc': 0.567, 'below_0.1_percent_acc': 0.563, 'below_0.01_percent_acc': 0.563, 'below_0.001_percent_acc': 0.563, 'below_0.0001_percent_acc': 0.563, 'indiv_acc': tensor(1.9253, device='cuda:0')}
Epoch: 197      Batch time (0.037601)   Loss (0.000047)
Epoch: 198      Batch time (0.037594)   Loss (0.000039)
{'accuracy': 0.8807627511024475, 'valid paths': 0.6060000047683716, 'perfect_match_accuracy': 0.5620000019073487, 'below_10.0_percent_acc': 0.595, 'below_1.0_percent_acc': 0.584, 'below_0.1_percent_acc': 0.579, 'below_0.01_percent_acc': 0.579, 'below_0.001_percent_acc': 0.579, 'below_0.0001_percent_acc': 0.579, 'indiv_acc': tensor(1.9256, device='cuda:0')}
Epoch: 199      Batch time (0.037537)   Loss (0.000026)
Epoch: 200      Batch time (0.037870)   Loss (0.000019)
{'accuracy': 0.8806718120574951, 'valid paths': 0.61, 'perfect_match_accuracy': 0.5610000019073487, 'below_10.0_percent_acc': 0.597, 'below_1.0_percent_acc': 0.582, 'below_0.1_percent_acc': 0.577, 'below_0.01_percent_acc': 0.577, 'below_0.001_percent_acc': 0.577, 'below_0.0001_percent_acc': 0.577, 'indiv_acc': tensor(1.9257, device='cuda:0')}
Epoch: 201      Batch time (0.037641)   Loss (0.000017)
Epoch: 202      Batch time (0.037743)   Loss (0.000013)
{'accuracy': 0.8821622805595398, 'valid paths': 0.6080000038146973, 'perfect_match_accuracy': 0.5620000019073487, 'below_10.0_percent_acc': 0.597, 'below_1.0_percent_acc': 0.58, 'below_0.1_percent_acc': 0.576, 'below_0.01_percent_acc': 0.576, 'below_0.001_percent_acc': 0.576, 'below_0.0001_percent_acc': 0.576, 'indiv_acc': tensor(1.9260, device='cuda:0')}
Epoch: 203      Batch time (0.037658)   Loss (0.000013)
Epoch: 204      Batch time (0.037715)   Loss (0.000013)
{'accuracy': 0.8803572010993957, 'valid paths': 0.6090000014305115, 'perfect_match_accuracy': 0.5630000033378602, 'below_10.0_percent_acc': 0.598, 'below_1.0_percent_acc': 0.583, 'below_0.1_percent_acc': 0.579, 'below_0.01_percent_acc': 0.579, 'below_0.001_percent_acc': 0.579, 'below_0.0001_percent_acc': 0.579, 'indiv_acc': tensor(1.9256, device='cuda:0')}
Epoch: 205      Batch time (0.037816)   Loss (0.000010)
Epoch: 206      Batch time (0.037719)   Loss (0.000008)
{'accuracy': 0.881079496383667, 'valid paths': 0.6120000052452087, 'perfect_match_accuracy': 0.5660000009536743, 'below_10.0_percent_acc': 0.601, 'below_1.0_percent_acc': 0.586, 'below_0.1_percent_acc': 0.582, 'below_0.01_percent_acc': 0.582, 'below_0.001_percent_acc': 0.582, 'below_0.0001_percent_acc': 0.582, 'indiv_acc': tensor(1.9257, device='cuda:0')}
Epoch: 207      Batch time (0.037437)   Loss (0.000008)
Epoch: 208      Batch time (0.037646)   Loss (0.000007)
{'accuracy': 0.88103413438797, 'valid paths': 0.607000002861023, 'perfect_match_accuracy': 0.5620000047683715, 'below_10.0_percent_acc': 0.596, 'below_1.0_percent_acc': 0.583, 'below_0.1_percent_acc': 0.578, 'below_0.01_percent_acc': 0.578, 'below_0.001_percent_acc': 0.578, 'below_0.0001_percent_acc': 0.578, 'indiv_acc': tensor(1.9257, device='cuda:0')}
Epoch: 209      Batch time (0.037624)   Loss (0.000007)
Epoch: 210      Batch time (0.037640)   Loss (0.000029)
{'accuracy': 0.8804920072555542, 'valid paths': 0.5980000052452087, 'perfect_match_accuracy': 0.5530000033378601, 'below_10.0_percent_acc': 0.59, 'below_1.0_percent_acc': 0.573, 'below_0.1_percent_acc': 0.568, 'below_0.01_percent_acc': 0.568, 'below_0.001_percent_acc': 0.568, 'below_0.0001_percent_acc': 0.568, 'indiv_acc': tensor(1.9252, device='cuda:0')}
Epoch: 211      Batch time (0.037637)   Loss (0.000009)
Epoch: 212      Batch time (0.037745)   Loss (0.000008)
{'accuracy': 0.8804925408363342, 'valid paths': 0.609000002861023, 'perfect_match_accuracy': 0.5630000009536743, 'below_10.0_percent_acc': 0.6, 'below_1.0_percent_acc': 0.584, 'below_0.1_percent_acc': 0.579, 'below_0.01_percent_acc': 0.579, 'below_0.001_percent_acc': 0.579, 'below_0.0001_percent_acc': 0.579, 'indiv_acc': tensor(1.9253, device='cuda:0')}
Epoch: 213      Batch time (0.037716)   Loss (0.000006)
Epoch: 214      Batch time (0.037811)   Loss (0.000006)
{'accuracy': 0.8813040189743042, 'valid paths': 0.6130000004768371, 'perfect_match_accuracy': 0.5640000009536743, 'below_10.0_percent_acc': 0.602, 'below_1.0_percent_acc': 0.586, 'below_0.1_percent_acc': 0.581, 'below_0.01_percent_acc': 0.581, 'below_0.001_percent_acc': 0.581, 'below_0.0001_percent_acc': 0.581, 'indiv_acc': tensor(1.9257, device='cuda:0')}
Epoch: 215      Batch time (0.037727)   Loss (0.000005)
Epoch: 216      Batch time (0.037663)   Loss (0.000004)
{'accuracy': 0.8820262713432312, 'valid paths': 0.610000002861023, 'perfect_match_accuracy': 0.5630000009536743, 'below_10.0_percent_acc': 0.6, 'below_1.0_percent_acc': 0.583, 'below_0.1_percent_acc': 0.578, 'below_0.01_percent_acc': 0.578, 'below_0.001_percent_acc': 0.578, 'below_0.0001_percent_acc': 0.578, 'indiv_acc': tensor(1.9258, device='cuda:0')}
Epoch: 217      Batch time (0.037702)   Loss (0.000004)
Epoch: 218      Batch time (0.037742)   Loss (0.000004)
{'accuracy': 0.8796347198486328, 'valid paths': 0.609000002861023, 'perfect_match_accuracy': 0.5600000033378602, 'below_10.0_percent_acc': 0.597, 'below_1.0_percent_acc': 0.582, 'below_0.1_percent_acc': 0.577, 'below_0.01_percent_acc': 0.577, 'below_0.001_percent_acc': 0.577, 'below_0.0001_percent_acc': 0.577, 'indiv_acc': tensor(1.9256, device='cuda:0')}
Epoch: 219      Batch time (0.037654)   Loss (0.000004)
Epoch: 220      Batch time (0.037741)   Loss (0.000003)
{'accuracy': 0.881079870223999, 'valid paths': 0.6060000014305115, 'perfect_match_accuracy': 0.5600000033378602, 'below_10.0_percent_acc': 0.595, 'below_1.0_percent_acc': 0.582, 'below_0.1_percent_acc': 0.577, 'below_0.01_percent_acc': 0.577, 'below_0.001_percent_acc': 0.577, 'below_0.0001_percent_acc': 0.577, 'indiv_acc': tensor(1.9256, device='cuda:0')}
Epoch: 221      Batch time (0.037592)   Loss (0.000003)
Epoch: 222      Batch time (0.037494)   Loss (0.000003)
{'accuracy': 0.881621488571167, 'valid paths': 0.6130000052452087, 'perfect_match_accuracy': 0.5669999995231628, 'below_10.0_percent_acc': 0.602, 'below_1.0_percent_acc': 0.587, 'below_0.1_percent_acc': 0.582, 'below_0.01_percent_acc': 0.582, 'below_0.001_percent_acc': 0.582, 'below_0.0001_percent_acc': 0.582, 'indiv_acc': tensor(1.9259, device='cuda:0')}
Epoch: 223      Batch time (0.037680)   Loss (0.000005)
Epoch: 224      Batch time (0.037725)   Loss (0.000003)
{'accuracy': 0.8816193747520447, 'valid paths': 0.6060000023841858, 'perfect_match_accuracy': 0.5600000042915344, 'below_10.0_percent_acc': 0.595, 'below_1.0_percent_acc': 0.581, 'below_0.1_percent_acc': 0.576, 'below_0.01_percent_acc': 0.576, 'below_0.001_percent_acc': 0.576, 'below_0.0001_percent_acc': 0.576, 'indiv_acc': tensor(1.9257, device='cuda:0')}
Epoch: 225      Batch time (0.037657)   Loss (0.000006)
Epoch: 226      Batch time (0.037662)   Loss (0.000004)
{'accuracy': 0.8803581190109253, 'valid paths': 0.605, 'perfect_match_accuracy': 0.5590000019073487, 'below_10.0_percent_acc': 0.595, 'below_1.0_percent_acc': 0.58, 'below_0.1_percent_acc': 0.575, 'below_0.01_percent_acc': 0.575, 'below_0.001_percent_acc': 0.575, 'below_0.0001_percent_acc': 0.575, 'indiv_acc': tensor(1.9256, device='cuda:0')}
Epoch: 227      Batch time (0.037759)   Loss (0.000013)
Epoch: 228      Batch time (0.037769)   Loss (0.013698)
{'accuracy': 0.873312433719635, 'valid paths': 0.5000000033378601, 'perfect_match_accuracy': 0.4500000014305115, 'below_10.0_percent_acc': 0.491, 'below_1.0_percent_acc': 0.475, 'below_0.1_percent_acc': 0.47, 'below_0.01_percent_acc': 0.47, 'below_0.001_percent_acc': 0.47, 'below_0.0001_percent_acc': 0.47, 'indiv_acc': tensor(1.9192, device='cuda:0')}
Epoch: 229      Batch time (0.037793)   Loss (0.003536)
Epoch: 230      Batch time (0.037768)   Loss (0.000905)
{'accuracy': 0.8851264252662658, 'valid paths': 0.5860000042915344, 'perfect_match_accuracy': 0.546, 'below_10.0_percent_acc': 0.575, 'below_1.0_percent_acc': 0.559, 'below_0.1_percent_acc': 0.554, 'below_0.01_percent_acc': 0.554, 'below_0.001_percent_acc': 0.554, 'below_0.0001_percent_acc': 0.554, 'indiv_acc': tensor(1.9254, device='cuda:0')}
Epoch: 231      Batch time (0.037546)   Loss (0.000215)
Epoch: 232      Batch time (0.037658)   Loss (0.000075)
{'accuracy': 0.8867131581306458, 'valid paths': 0.6050000019073486, 'perfect_match_accuracy': 0.566, 'below_10.0_percent_acc': 0.596, 'below_1.0_percent_acc': 0.58, 'below_0.1_percent_acc': 0.576, 'below_0.01_percent_acc': 0.576, 'below_0.001_percent_acc': 0.575, 'below_0.0001_percent_acc': 0.575, 'indiv_acc': tensor(1.9265, device='cuda:0')}
Epoch: 233      Batch time (0.037556)   Loss (0.000570)
Epoch: 234      Batch time (0.037542)   Loss (0.000359)
{'accuracy': 0.8864382858276367, 'valid paths': 0.6000000019073486, 'perfect_match_accuracy': 0.5560000047683716, 'below_10.0_percent_acc': 0.59, 'below_1.0_percent_acc': 0.573, 'below_0.1_percent_acc': 0.569, 'below_0.01_percent_acc': 0.569, 'below_0.001_percent_acc': 0.569, 'below_0.0001_percent_acc': 0.569, 'indiv_acc': tensor(1.9254, device='cuda:0')}
Epoch: 235      Batch time (0.037658)   Loss (0.000167)
Epoch: 236      Batch time (0.037797)   Loss (0.000081)
{'accuracy': 0.8853153567314148, 'valid paths': 0.6130000033378601, 'perfect_match_accuracy': 0.5650000023841858, 'below_10.0_percent_acc': 0.604, 'below_1.0_percent_acc': 0.58, 'below_0.1_percent_acc': 0.575, 'below_0.01_percent_acc': 0.575, 'below_0.001_percent_acc': 0.575, 'below_0.0001_percent_acc': 0.575, 'indiv_acc': tensor(1.9263, device='cuda:0')}
Epoch: 237      Batch time (0.037530)   Loss (0.000026)
Epoch: 238      Batch time (0.037582)   Loss (0.000017)
{'accuracy': 0.8878871450424194, 'valid paths': 0.6190000042915345, 'perfect_match_accuracy': 0.5700000023841858, 'below_10.0_percent_acc': 0.609, 'below_1.0_percent_acc': 0.586, 'below_0.1_percent_acc': 0.579, 'below_0.01_percent_acc': 0.579, 'below_0.001_percent_acc': 0.579, 'below_0.0001_percent_acc': 0.579, 'indiv_acc': tensor(1.9271, device='cuda:0')}
Epoch: 239      Batch time (0.037656)   Loss (0.000012)
Epoch: 240      Batch time (0.037666)   Loss (0.000845)
{'accuracy': 0.8795357694625855, 'valid paths': 0.5940000004768372, 'perfect_match_accuracy': 0.5370000047683716, 'below_10.0_percent_acc': 0.583, 'below_1.0_percent_acc': 0.559, 'below_0.1_percent_acc': 0.551, 'below_0.01_percent_acc': 0.551, 'below_0.001_percent_acc': 0.55, 'below_0.0001_percent_acc': 0.55, 'indiv_acc': tensor(1.9231, device='cuda:0')}
Epoch: 241      Batch time (0.037604)   Loss (0.000921)
Epoch: 242      Batch time (0.037505)   Loss (0.000368)
{'accuracy': 0.8825005269050599, 'valid paths': 0.5900000052452088, 'perfect_match_accuracy': 0.5450000047683716, 'below_10.0_percent_acc': 0.583, 'below_1.0_percent_acc': 0.568, 'below_0.1_percent_acc': 0.562, 'below_0.01_percent_acc': 0.562, 'below_0.001_percent_acc': 0.562, 'below_0.0001_percent_acc': 0.562, 'indiv_acc': tensor(1.9252, device='cuda:0')}
Epoch: 243      Batch time (0.037400)   Loss (0.000548)
Epoch: 244      Batch time (0.037503)   Loss (0.000238)
{'accuracy': 0.8798037528991699, 'valid paths': 0.5960000004768372, 'perfect_match_accuracy': 0.5510000038146973, 'below_10.0_percent_acc': 0.587, 'below_1.0_percent_acc': 0.57, 'below_0.1_percent_acc': 0.565, 'below_0.01_percent_acc': 0.565, 'below_0.001_percent_acc': 0.565, 'below_0.0001_percent_acc': 0.565, 'indiv_acc': tensor(1.9255, device='cuda:0')}
Epoch: 245      Batch time (0.037380)   Loss (0.000923)
Epoch: 246      Batch time (0.037726)   Loss (0.005904)
{'accuracy': 0.8778591179847717, 'valid paths': 0.5550000047683716, 'perfect_match_accuracy': 0.5150000042915345, 'below_10.0_percent_acc': 0.546, 'below_1.0_percent_acc': 0.532, 'below_0.1_percent_acc': 0.522, 'below_0.01_percent_acc': 0.522, 'below_0.001_percent_acc': 0.522, 'below_0.0001_percent_acc': 0.522, 'indiv_acc': tensor(1.9243, device='cuda:0')}
Epoch: 247      Batch time (0.037670)   Loss (0.001628)
Epoch: 248      Batch time (0.037765)   Loss (0.000538)
{'accuracy': 0.8772281374931336, 'valid paths': 0.5990000038146973, 'perfect_match_accuracy': 0.5550000033378601, 'below_10.0_percent_acc': 0.588, 'below_1.0_percent_acc': 0.577, 'below_0.1_percent_acc': 0.57, 'below_0.01_percent_acc': 0.57, 'below_0.001_percent_acc': 0.57, 'below_0.0001_percent_acc': 0.57, 'indiv_acc': tensor(1.9239, device='cuda:0')}
Epoch: 249      Batch time (0.037654)   Loss (0.000123)
Epoch: 250      Batch time (0.037685)   Loss (0.000037)
{'accuracy': 0.8864872245788574, 'valid paths': 0.6240000047683716, 'perfect_match_accuracy': 0.5760000004768372, 'below_10.0_percent_acc': 0.612, 'below_1.0_percent_acc': 0.593, 'below_0.1_percent_acc': 0.586, 'below_0.01_percent_acc': 0.586, 'below_0.001_percent_acc': 0.585, 'below_0.0001_percent_acc': 0.585, 'indiv_acc': tensor(1.9267, device='cuda:0')}
Epoch: 251      Batch time (0.037586)   Loss (0.000021)
Epoch: 252      Batch time (0.037612)   Loss (0.000016)
{'accuracy': 0.8862127013206482, 'valid paths': 0.6230000033378601, 'perfect_match_accuracy': 0.5760000052452088, 'below_10.0_percent_acc': 0.611, 'below_1.0_percent_acc': 0.593, 'below_0.1_percent_acc': 0.586, 'below_0.01_percent_acc': 0.586, 'below_0.001_percent_acc': 0.586, 'below_0.0001_percent_acc': 0.586, 'indiv_acc': tensor(1.9268, device='cuda:0')}
Epoch: 253      Batch time (0.037678)   Loss (0.000012)
Epoch: 254      Batch time (0.037784)   Loss (0.000010)
{'accuracy': 0.8878836450576783, 'valid paths': 0.6250000033378601, 'perfect_match_accuracy': 0.5820000028610229, 'below_10.0_percent_acc': 0.614, 'below_1.0_percent_acc': 0.597, 'below_0.1_percent_acc': 0.591, 'below_0.01_percent_acc': 0.591, 'below_0.001_percent_acc': 0.591, 'below_0.0001_percent_acc': 0.591, 'indiv_acc': tensor(1.9274, device='cuda:0')}
Epoch: 255      Batch time (0.037784)   Loss (0.000010)
Epoch: 256      Batch time (0.037709)   Loss (0.000102)
{'accuracy': 0.8858511829376221, 'valid paths': 0.6050000004768371, 'perfect_match_accuracy': 0.564, 'below_10.0_percent_acc': 0.594, 'below_1.0_percent_acc': 0.579, 'below_0.1_percent_acc': 0.574, 'below_0.01_percent_acc': 0.574, 'below_0.001_percent_acc': 0.574, 'below_0.0001_percent_acc': 0.574, 'indiv_acc': tensor(1.9262, device='cuda:0')}
Epoch: 257      Batch time (0.037622)   Loss (0.000045)
Epoch: 258      Batch time (0.037698)   Loss (0.000014)
{'accuracy': 0.8845427236557006, 'valid paths': 0.6220000019073486, 'perfect_match_accuracy': 0.5750000052452088, 'below_10.0_percent_acc': 0.611, 'below_1.0_percent_acc': 0.595, 'below_0.1_percent_acc': 0.589, 'below_0.01_percent_acc': 0.589, 'below_0.001_percent_acc': 0.589, 'below_0.0001_percent_acc': 0.589, 'indiv_acc': tensor(1.9266, device='cuda:0')}
Epoch: 259      Batch time (0.037611)   Loss (0.000008)
Epoch: 260      Batch time (0.037652)   Loss (0.000007)
{'accuracy': 0.885263032913208, 'valid paths': 0.6250000042915345, 'perfect_match_accuracy': 0.5790000014305114, 'below_10.0_percent_acc': 0.616, 'below_1.0_percent_acc': 0.6, 'below_0.1_percent_acc': 0.594, 'below_0.01_percent_acc': 0.594, 'below_0.001_percent_acc': 0.593, 'below_0.0001_percent_acc': 0.593, 'indiv_acc': tensor(1.9269, device='cuda:0')}
Epoch: 261      Batch time (0.037695)   Loss (0.000006)
Epoch: 262      Batch time (0.037788)   Loss (0.000006)
{'accuracy': 0.8845872840881348, 'valid paths': 0.630000005722046, 'perfect_match_accuracy': 0.5830000052452088, 'below_10.0_percent_acc': 0.618, 'below_1.0_percent_acc': 0.603, 'below_0.1_percent_acc': 0.597, 'below_0.01_percent_acc': 0.597, 'below_0.001_percent_acc': 0.597, 'below_0.0001_percent_acc': 0.597, 'indiv_acc': tensor(1.9267, device='cuda:0')}
Epoch: 263      Batch time (0.037730)   Loss (0.000010)
Epoch: 264      Batch time (0.037730)   Loss (0.000006)
{'accuracy': 0.884403706073761, 'valid paths': 0.6330000019073486, 'perfect_match_accuracy': 0.5820000038146973, 'below_10.0_percent_acc': 0.623, 'below_1.0_percent_acc': 0.604, 'below_0.1_percent_acc': 0.598, 'below_0.01_percent_acc': 0.598, 'below_0.001_percent_acc': 0.597, 'below_0.0001_percent_acc': 0.597, 'indiv_acc': tensor(1.9265, device='cuda:0')}
Epoch: 265      Batch time (0.037665)   Loss (0.000004)
Epoch: 266      Batch time (0.037758)   Loss (0.000003)
{'accuracy': 0.8847657055854797, 'valid paths': 0.6330000057220458, 'perfect_match_accuracy': 0.5820000014305114, 'below_10.0_percent_acc': 0.623, 'below_1.0_percent_acc': 0.603, 'below_0.1_percent_acc': 0.597, 'below_0.01_percent_acc': 0.597, 'below_0.001_percent_acc': 0.596, 'below_0.0001_percent_acc': 0.596, 'indiv_acc': tensor(1.9266, device='cuda:0')}
Epoch: 267      Batch time (0.037655)   Loss (0.000004)
Epoch: 268      Batch time (0.037762)   Loss (0.000003)
{'accuracy': 0.8851260285377502, 'valid paths': 0.6320000004768371, 'perfect_match_accuracy': 0.5840000038146973, 'below_10.0_percent_acc': 0.623, 'below_1.0_percent_acc': 0.606, 'below_0.1_percent_acc': 0.6, 'below_0.01_percent_acc': 0.6, 'below_0.001_percent_acc': 0.599, 'below_0.0001_percent_acc': 0.599, 'indiv_acc': tensor(1.9268, device='cuda:0')}
Epoch: 269      Batch time (0.037653)   Loss (0.000003)
Epoch: 270      Batch time (0.037921)   Loss (0.000031)
{'accuracy': 0.8806281666755676, 'valid paths': 0.6150000042915345, 'perfect_match_accuracy': 0.568, 'below_10.0_percent_acc': 0.604, 'below_1.0_percent_acc': 0.587, 'below_0.1_percent_acc': 0.582, 'below_0.01_percent_acc': 0.582, 'below_0.001_percent_acc': 0.581, 'below_0.0001_percent_acc': 0.581, 'indiv_acc': tensor(1.9251, device='cuda:0')}
Epoch: 271      Batch time (0.037826)   Loss (0.010555)
Epoch: 272      Batch time (0.037736)   Loss (0.001813)
{'accuracy': 0.8660946402549744, 'valid paths': 0.5630000023841858, 'perfect_match_accuracy': 0.5189999995231629, 'below_10.0_percent_acc': 0.552, 'below_1.0_percent_acc': 0.538, 'below_0.1_percent_acc': 0.53, 'below_0.01_percent_acc': 0.53, 'below_0.001_percent_acc': 0.529, 'below_0.0001_percent_acc': 0.529, 'indiv_acc': tensor(1.9195, device='cuda:0')}
Epoch: 273      Batch time (0.037740)   Loss (0.002077)
Epoch: 274      Batch time (0.037832)   Loss (0.000961)
{'accuracy': 0.8808433170318604, 'valid paths': 0.5710000052452088, 'perfect_match_accuracy': 0.534, 'below_10.0_percent_acc': 0.56, 'below_1.0_percent_acc': 0.552, 'below_0.1_percent_acc': 0.543, 'below_0.01_percent_acc': 0.543, 'below_0.001_percent_acc': 0.543, 'below_0.0001_percent_acc': 0.543, 'indiv_acc': tensor(1.9241, device='cuda:0')}
Epoch: 275      Batch time (0.037725)   Loss (0.000129)
Epoch: 276      Batch time (0.037751)   Loss (0.000038)
{'accuracy': 0.879530122756958, 'valid paths': 0.5980000042915344, 'perfect_match_accuracy': 0.557, 'below_10.0_percent_acc': 0.583, 'below_1.0_percent_acc': 0.574, 'below_0.1_percent_acc': 0.566, 'below_0.01_percent_acc': 0.566, 'below_0.001_percent_acc': 0.566, 'below_0.0001_percent_acc': 0.566, 'indiv_acc': tensor(1.9249, device='cuda:0')}
Epoch: 277      Batch time (0.037632)   Loss (0.000024)
Epoch: 278      Batch time (0.037783)   Loss (0.000019)
{'accuracy': 0.8794403228759765, 'valid paths': 0.5950000004768372, 'perfect_match_accuracy': 0.557, 'below_10.0_percent_acc': 0.583, 'below_1.0_percent_acc': 0.573, 'below_0.1_percent_acc': 0.567, 'below_0.01_percent_acc': 0.567, 'below_0.001_percent_acc': 0.567, 'below_0.0001_percent_acc': 0.567, 'indiv_acc': tensor(1.9250, device='cuda:0')}
Epoch: 279      Batch time (0.037719)   Loss (0.000014)
Epoch: 280      Batch time (0.037835)   Loss (0.000015)
{'accuracy': 0.8790381946563721, 'valid paths': 0.6000000004768371, 'perfect_match_accuracy': 0.559, 'below_10.0_percent_acc': 0.586, 'below_1.0_percent_acc': 0.577, 'below_0.1_percent_acc': 0.569, 'below_0.01_percent_acc': 0.569, 'below_0.001_percent_acc': 0.569, 'below_0.0001_percent_acc': 0.569, 'indiv_acc': tensor(1.9249, device='cuda:0')}
Epoch: 281      Batch time (0.037746)   Loss (0.001178)
Epoch: 282      Batch time (0.037850)   Loss (0.000352)
{'accuracy': 0.8778664965629578, 'valid paths': 0.5770000038146973, 'perfect_match_accuracy': 0.5320000009536743, 'below_10.0_percent_acc': 0.568, 'below_1.0_percent_acc': 0.552, 'below_0.1_percent_acc': 0.546, 'below_0.01_percent_acc': 0.546, 'below_0.001_percent_acc': 0.546, 'below_0.0001_percent_acc': 0.546, 'indiv_acc': tensor(1.9230, device='cuda:0')}
Epoch: 283      Batch time (0.037540)   Loss (0.000093)
Epoch: 284      Batch time (0.037729)   Loss (0.000027)
{'accuracy': 0.8782778573036194, 'valid paths': 0.5780000028610229, 'perfect_match_accuracy': 0.5400000038146973, 'below_10.0_percent_acc': 0.569, 'below_1.0_percent_acc': 0.555, 'below_0.1_percent_acc': 0.55, 'below_0.01_percent_acc': 0.55, 'below_0.001_percent_acc': 0.55, 'below_0.0001_percent_acc': 0.55, 'indiv_acc': tensor(1.9238, device='cuda:0')}
Epoch: 285      Batch time (0.037700)   Loss (0.000017)
Epoch: 286      Batch time (0.037767)   Loss (0.000019)
{'accuracy': 0.8788171253204345, 'valid paths': 0.5720000014305114, 'perfect_match_accuracy': 0.5320000047683716, 'below_10.0_percent_acc': 0.563, 'below_1.0_percent_acc': 0.549, 'below_0.1_percent_acc': 0.544, 'below_0.01_percent_acc': 0.544, 'below_0.001_percent_acc': 0.544, 'below_0.0001_percent_acc': 0.544, 'indiv_acc': tensor(1.9240, device='cuda:0')}
Epoch: 287      Batch time (0.037583)   Loss (0.000010)
Epoch: 288      Batch time (0.037819)   Loss (0.000008)
{'accuracy': 0.8785020594596863, 'valid paths': 0.5740000028610229, 'perfect_match_accuracy': 0.536, 'below_10.0_percent_acc': 0.565, 'below_1.0_percent_acc': 0.552, 'below_0.1_percent_acc': 0.547, 'below_0.01_percent_acc': 0.547, 'below_0.001_percent_acc': 0.547, 'below_0.0001_percent_acc': 0.547, 'indiv_acc': tensor(1.9243, device='cuda:0')}
Epoch: 289      Batch time (0.037605)   Loss (0.000009)
Epoch: 290      Batch time (0.037725)   Loss (0.000006)
{'accuracy': 0.8779166431427002, 'valid paths': 0.5840000052452088, 'perfect_match_accuracy': 0.5400000023841858, 'below_10.0_percent_acc': 0.575, 'below_1.0_percent_acc': 0.558, 'below_0.1_percent_acc': 0.553, 'below_0.01_percent_acc': 0.553, 'below_0.001_percent_acc': 0.553, 'below_0.0001_percent_acc': 0.553, 'indiv_acc': tensor(1.9242, device='cuda:0')}
Epoch: 291      Batch time (0.037619)   Loss (0.000005)
Epoch: 292      Batch time (0.037693)   Loss (0.000005)
{'accuracy': 0.8779180493354798, 'valid paths': 0.5830000052452088, 'perfect_match_accuracy': 0.5420000023841858, 'below_10.0_percent_acc': 0.574, 'below_1.0_percent_acc': 0.559, 'below_0.1_percent_acc': 0.554, 'below_0.01_percent_acc': 0.554, 'below_0.001_percent_acc': 0.554, 'below_0.0001_percent_acc': 0.554, 'indiv_acc': tensor(1.9243, device='cuda:0')}
Epoch: 293      Batch time (0.037586)   Loss (0.000004)
Epoch: 294      Batch time (0.037745)   Loss (0.000004)
{'accuracy': 0.8779137063026429, 'valid paths': 0.5820000028610229, 'perfect_match_accuracy': 0.542, 'below_10.0_percent_acc': 0.574, 'below_1.0_percent_acc': 0.558, 'below_0.1_percent_acc': 0.553, 'below_0.01_percent_acc': 0.553, 'below_0.001_percent_acc': 0.553, 'below_0.0001_percent_acc': 0.553, 'indiv_acc': tensor(1.9245, device='cuda:0')}
Epoch: 295      Batch time (0.037543)   Loss (0.000004)
Epoch: 296      Batch time (0.037752)   Loss (0.000003)
{'accuracy': 0.8785489044189453, 'valid paths': 0.5870000028610229, 'perfect_match_accuracy': 0.546, 'below_10.0_percent_acc': 0.578, 'below_1.0_percent_acc': 0.562, 'below_0.1_percent_acc': 0.557, 'below_0.01_percent_acc': 0.557, 'below_0.001_percent_acc': 0.557, 'below_0.0001_percent_acc': 0.557, 'indiv_acc': tensor(1.9245, device='cuda:0')}
Epoch: 297      Batch time (0.037561)   Loss (0.000004)
Epoch: 298      Batch time (0.037839)   Loss (0.000003)
{'accuracy': 0.8788617215156556, 'valid paths': 0.5880000052452088, 'perfect_match_accuracy': 0.5440000023841858, 'below_10.0_percent_acc': 0.577, 'below_1.0_percent_acc': 0.56, 'below_0.1_percent_acc': 0.555, 'below_0.01_percent_acc': 0.555, 'below_0.001_percent_acc': 0.555, 'below_0.0001_percent_acc': 0.555, 'indiv_acc': tensor(1.9245, device='cuda:0')}
Epoch: 299      Batch time (0.037586)   Loss (0.000003)
Epoch: 300      Batch time (0.037731)   Loss (0.000003)
{'accuracy': 0.8784568529129029, 'valid paths': 0.5860000052452088, 'perfect_match_accuracy': 0.5420000023841858, 'below_10.0_percent_acc': 0.574, 'below_1.0_percent_acc': 0.558, 'below_0.1_percent_acc': 0.553, 'below_0.01_percent_acc': 0.553, 'below_0.001_percent_acc': 0.553, 'below_0.0001_percent_acc': 0.553, 'indiv_acc': tensor(1.9246, device='cuda:0')}
